<?xml version="1.0"?>
<link_info>
   <banner>MSP430 Linker PC v15.12.3.LTS</banner>
   <copyright>Copyright (c) 2003-2015 Texas Instruments Incorporated</copyright>
   <link_time>0x5a17956e</link_time>
   <link_errors>0x0</link_errors>
   <output_file>base.out</output_file>
   <entry_point>
      <name>_c_int00_noargs_noexit</name>
      <address>0x93b2</address>
   </entry_point>
   <input_file_list>
      <input_file id="fl-2">
         <path>.\</path>
         <kind>object</kind>
         <file>acceleration.obj</file>
         <name>acceleration.obj</name>
      </input_file>
      <input_file id="fl-3">
         <path>.\</path>
         <kind>object</kind>
         <file>as.obj</file>
         <name>as.obj</name>
      </input_file>
      <input_file id="fl-4">
         <path>.\</path>
         <kind>object</kind>
         <file>bmp_as.obj</file>
         <name>bmp_as.obj</name>
      </input_file>
      <input_file id="fl-5">
         <path>.\</path>
         <kind>object</kind>
         <file>main.obj</file>
         <name>main.obj</name>
      </input_file>
      <input_file id="fl-6">
         <path>.\</path>
         <kind>object</kind>
         <file>menu.obj</file>
         <name>menu.obj</name>
      </input_file>
      <input_file id="fl-27">
         <path>C:\ti\ccsv6\tools\compiler\msp430_15.12.3.LTS\lib\</path>
         <kind>archive</kind>
         <file>rts430x_lc_sd_eabi.lib</file>
         <name>addd.obj</name>
      </input_file>
      <input_file id="fl-28">
         <path>C:\ti\ccsv6\tools\compiler\msp430_15.12.3.LTS\lib\</path>
         <kind>archive</kind>
         <file>rts430x_lc_sd_eabi.lib</file>
         <name>boot.obj</name>
      </input_file>
      <input_file id="fl-29">
         <path>C:\ti\ccsv6\tools\compiler\msp430_15.12.3.LTS\lib\</path>
         <kind>archive</kind>
         <file>rts430x_lc_sd_eabi.lib</file>
         <name>boot_special.obj</name>
      </input_file>
      <input_file id="fl-2a">
         <path>C:\ti\ccsv6\tools\compiler\msp430_15.12.3.LTS\lib\</path>
         <kind>archive</kind>
         <file>rts430x_lc_sd_eabi.lib</file>
         <name>copy_decompress_none.obj</name>
      </input_file>
      <input_file id="fl-2b">
         <path>C:\ti\ccsv6\tools\compiler\msp430_15.12.3.LTS\lib\</path>
         <kind>archive</kind>
         <file>rts430x_lc_sd_eabi.lib</file>
         <name>copy_decompress_rle.obj</name>
      </input_file>
      <input_file id="fl-2c">
         <path>C:\ti\ccsv6\tools\compiler\msp430_15.12.3.LTS\lib\</path>
         <kind>archive</kind>
         <file>rts430x_lc_sd_eabi.lib</file>
         <name>copy_zero_init.obj</name>
      </input_file>
      <input_file id="fl-2d">
         <path>C:\ti\ccsv6\tools\compiler\msp430_15.12.3.LTS\lib\</path>
         <kind>archive</kind>
         <file>rts430x_lc_sd_eabi.lib</file>
         <name>cpy_util.obj</name>
      </input_file>
      <input_file id="fl-2e">
         <path>C:\ti\ccsv6\tools\compiler\msp430_15.12.3.LTS\lib\</path>
         <kind>archive</kind>
         <file>rts430x_lc_sd_eabi.lib</file>
         <name>div16u.obj</name>
      </input_file>
      <input_file id="fl-2f">
         <path>C:\ti\ccsv6\tools\compiler\msp430_15.12.3.LTS\lib\</path>
         <kind>archive</kind>
         <file>rts430x_lc_sd_eabi.lib</file>
         <name>exit.obj</name>
      </input_file>
      <input_file id="fl-30">
         <path>C:\ti\ccsv6\tools\compiler\msp430_15.12.3.LTS\lib\</path>
         <kind>archive</kind>
         <file>rts430x_lc_sd_eabi.lib</file>
         <name>exit_gvars.obj</name>
      </input_file>
      <input_file id="fl-31">
         <path>C:\ti\ccsv6\tools\compiler\msp430_15.12.3.LTS\lib\</path>
         <kind>archive</kind>
         <file>rts430x_lc_sd_eabi.lib</file>
         <name>fixdu.obj</name>
      </input_file>
      <input_file id="fl-32">
         <path>C:\ti\ccsv6\tools\compiler\msp430_15.12.3.LTS\lib\</path>
         <kind>archive</kind>
         <file>rts430x_lc_sd_eabi.lib</file>
         <name>fixdul.obj</name>
      </input_file>
      <input_file id="fl-33">
         <path>C:\ti\ccsv6\tools\compiler\msp430_15.12.3.LTS\lib\</path>
         <kind>archive</kind>
         <file>rts430x_lc_sd_eabi.lib</file>
         <name>fltud.obj</name>
      </input_file>
      <input_file id="fl-34">
         <path>C:\ti\ccsv6\tools\compiler\msp430_15.12.3.LTS\lib\</path>
         <kind>archive</kind>
         <file>rts430x_lc_sd_eabi.lib</file>
         <name>fltuld.obj</name>
      </input_file>
      <input_file id="fl-35">
         <path>C:\ti\ccsv6\tools\compiler\msp430_15.12.3.LTS\lib\</path>
         <kind>archive</kind>
         <file>rts430x_lc_sd_eabi.lib</file>
         <name>frcaddd.obj</name>
      </input_file>
      <input_file id="fl-36">
         <path>C:\ti\ccsv6\tools\compiler\msp430_15.12.3.LTS\lib\</path>
         <kind>archive</kind>
         <file>rts430x_lc_sd_eabi.lib</file>
         <name>int45.obj</name>
      </input_file>
      <input_file id="fl-37">
         <path>C:\ti\ccsv6\tools\compiler\msp430_15.12.3.LTS\lib\</path>
         <kind>archive</kind>
         <file>rts430x_lc_sd_eabi.lib</file>
         <name>int46.obj</name>
      </input_file>
      <input_file id="fl-38">
         <path>C:\ti\ccsv6\tools\compiler\msp430_15.12.3.LTS\lib\</path>
         <kind>archive</kind>
         <file>rts430x_lc_sd_eabi.lib</file>
         <name>int47.obj</name>
      </input_file>
      <input_file id="fl-39">
         <path>C:\ti\ccsv6\tools\compiler\msp430_15.12.3.LTS\lib\</path>
         <kind>archive</kind>
         <file>rts430x_lc_sd_eabi.lib</file>
         <name>int48.obj</name>
      </input_file>
      <input_file id="fl-3a">
         <path>C:\ti\ccsv6\tools\compiler\msp430_15.12.3.LTS\lib\</path>
         <kind>archive</kind>
         <file>rts430x_lc_sd_eabi.lib</file>
         <name>int49.obj</name>
      </input_file>
      <input_file id="fl-3b">
         <path>C:\ti\ccsv6\tools\compiler\msp430_15.12.3.LTS\lib\</path>
         <kind>archive</kind>
         <file>rts430x_lc_sd_eabi.lib</file>
         <name>int50.obj</name>
      </input_file>
      <input_file id="fl-3c">
         <path>C:\ti\ccsv6\tools\compiler\msp430_15.12.3.LTS\lib\</path>
         <kind>archive</kind>
         <file>rts430x_lc_sd_eabi.lib</file>
         <name>int51.obj</name>
      </input_file>
      <input_file id="fl-3d">
         <path>C:\ti\ccsv6\tools\compiler\msp430_15.12.3.LTS\lib\</path>
         <kind>archive</kind>
         <file>rts430x_lc_sd_eabi.lib</file>
         <name>int52.obj</name>
      </input_file>
      <input_file id="fl-3e">
         <path>C:\ti\ccsv6\tools\compiler\msp430_15.12.3.LTS\lib\</path>
         <kind>archive</kind>
         <file>rts430x_lc_sd_eabi.lib</file>
         <name>int53.obj</name>
      </input_file>
      <input_file id="fl-3f">
         <path>C:\ti\ccsv6\tools\compiler\msp430_15.12.3.LTS\lib\</path>
         <kind>archive</kind>
         <file>rts430x_lc_sd_eabi.lib</file>
         <name>int54.obj</name>
      </input_file>
      <input_file id="fl-40">
         <path>C:\ti\ccsv6\tools\compiler\msp430_15.12.3.LTS\lib\</path>
         <kind>archive</kind>
         <file>rts430x_lc_sd_eabi.lib</file>
         <name>int55.obj</name>
      </input_file>
      <input_file id="fl-41">
         <path>C:\ti\ccsv6\tools\compiler\msp430_15.12.3.LTS\lib\</path>
         <kind>archive</kind>
         <file>rts430x_lc_sd_eabi.lib</file>
         <name>int56.obj</name>
      </input_file>
      <input_file id="fl-42">
         <path>C:\ti\ccsv6\tools\compiler\msp430_15.12.3.LTS\lib\</path>
         <kind>archive</kind>
         <file>rts430x_lc_sd_eabi.lib</file>
         <name>int57.obj</name>
      </input_file>
      <input_file id="fl-43">
         <path>C:\ti\ccsv6\tools\compiler\msp430_15.12.3.LTS\lib\</path>
         <kind>archive</kind>
         <file>rts430x_lc_sd_eabi.lib</file>
         <name>int58.obj</name>
      </input_file>
      <input_file id="fl-44">
         <path>C:\ti\ccsv6\tools\compiler\msp430_15.12.3.LTS\lib\</path>
         <kind>archive</kind>
         <file>rts430x_lc_sd_eabi.lib</file>
         <name>int59.obj</name>
      </input_file>
      <input_file id="fl-45">
         <path>C:\ti\ccsv6\tools\compiler\msp430_15.12.3.LTS\lib\</path>
         <kind>archive</kind>
         <file>rts430x_lc_sd_eabi.lib</file>
         <name>int60.obj</name>
      </input_file>
      <input_file id="fl-46">
         <path>C:\ti\ccsv6\tools\compiler\msp430_15.12.3.LTS\lib\</path>
         <kind>archive</kind>
         <file>rts430x_lc_sd_eabi.lib</file>
         <name>int61.obj</name>
      </input_file>
      <input_file id="fl-47">
         <path>C:\ti\ccsv6\tools\compiler\msp430_15.12.3.LTS\lib\</path>
         <kind>archive</kind>
         <file>rts430x_lc_sd_eabi.lib</file>
         <name>int62.obj</name>
      </input_file>
      <input_file id="fl-48">
         <path>C:\ti\ccsv6\tools\compiler\msp430_15.12.3.LTS\lib\</path>
         <kind>archive</kind>
         <file>rts430x_lc_sd_eabi.lib</file>
         <name>isr_trap.obj</name>
      </input_file>
      <input_file id="fl-49">
         <path>C:\ti\ccsv6\tools\compiler\msp430_15.12.3.LTS\lib\</path>
         <kind>archive</kind>
         <file>rts430x_lc_sd_eabi.lib</file>
         <name>lsl32.obj</name>
      </input_file>
      <input_file id="fl-4a">
         <path>C:\ti\ccsv6\tools\compiler\msp430_15.12.3.LTS\lib\</path>
         <kind>archive</kind>
         <file>rts430x_lc_sd_eabi.lib</file>
         <name>lsr32.obj</name>
      </input_file>
      <input_file id="fl-4b">
         <path>C:\ti\ccsv6\tools\compiler\msp430_15.12.3.LTS\lib\</path>
         <kind>archive</kind>
         <file>rts430x_lc_sd_eabi.lib</file>
         <name>lsr64.obj</name>
      </input_file>
      <input_file id="fl-4c">
         <path>C:\ti\ccsv6\tools\compiler\msp430_15.12.3.LTS\lib\</path>
         <kind>archive</kind>
         <file>rts430x_lc_sd_eabi.lib</file>
         <name>mpu_init.obj</name>
      </input_file>
      <input_file id="fl-4d">
         <path>C:\ti\ccsv6\tools\compiler\msp430_15.12.3.LTS\lib\</path>
         <kind>archive</kind>
         <file>rts430x_lc_sd_eabi.lib</file>
         <name>mpyd.obj</name>
      </input_file>
      <input_file id="fl-4e">
         <path>C:\ti\ccsv6\tools\compiler\msp430_15.12.3.LTS\lib\</path>
         <kind>archive</kind>
         <file>rts430x_lc_sd_eabi.lib</file>
         <name>mult16.obj</name>
      </input_file>
      <input_file id="fl-4f">
         <path>C:\ti\ccsv6\tools\compiler\msp430_15.12.3.LTS\lib\</path>
         <kind>archive</kind>
         <file>rts430x_lc_sd_eabi.lib</file>
         <name>mult1632_f5hw.obj</name>
      </input_file>
      <input_file id="fl-50">
         <path>C:\ti\ccsv6\tools\compiler\msp430_15.12.3.LTS\lib\</path>
         <kind>archive</kind>
         <file>rts430x_lc_sd_eabi.lib</file>
         <name>mult16_f5hw.obj</name>
      </input_file>
      <input_file id="fl-51">
         <path>C:\ti\ccsv6\tools\compiler\msp430_15.12.3.LTS\lib\</path>
         <kind>archive</kind>
         <file>rts430x_lc_sd_eabi.lib</file>
         <name>mult3264_f5hw.obj</name>
      </input_file>
      <input_file id="fl-52">
         <path>C:\ti\ccsv6\tools\compiler\msp430_15.12.3.LTS\lib\</path>
         <kind>archive</kind>
         <file>rts430x_lc_sd_eabi.lib</file>
         <name>mult32_f5hw.obj</name>
      </input_file>
      <input_file id="fl-53">
         <path>C:\ti\ccsv6\tools\compiler\msp430_15.12.3.LTS\lib\</path>
         <kind>archive</kind>
         <file>rts430x_lc_sd_eabi.lib</file>
         <name>mult64_f5hw.obj</name>
      </input_file>
      <input_file id="fl-54">
         <path>C:\ti\ccsv6\tools\compiler\msp430_15.12.3.LTS\lib\</path>
         <kind>archive</kind>
         <file>rts430x_lc_sd_eabi.lib</file>
         <name>pre_init.obj</name>
      </input_file>
      <input_file id="fl-55">
         <path>C:\ti\ccsv6\tools\compiler\msp430_15.12.3.LTS\lib\</path>
         <kind>archive</kind>
         <file>rts430x_lc_sd_eabi.lib</file>
         <name>renormd.obj</name>
      </input_file>
      <input_file id="fl-56">
         <path>C:\ti\ccsv6\tools\compiler\msp430_15.12.3.LTS\lib\</path>
         <kind>archive</kind>
         <file>rts430x_lc_sd_eabi.lib</file>
         <name>_lock.obj</name>
      </input_file>
      <input_file id="fl-57">
         <path>C:\ti\ccsv6\tools\compiler\msp430_15.12.3.LTS\lib\</path>
         <kind>archive</kind>
         <file>rts430x_lc_sd_eabi.lib</file>
         <name>args_main.obj</name>
      </input_file>
      <input_file id="fl-58">
         <path>C:\ti\ccsv6\tools\compiler\msp430_15.12.3.LTS\lib\</path>
         <kind>archive</kind>
         <file>rts430x_lc_sd_eabi.lib</file>
         <name>asr32.obj</name>
      </input_file>
      <input_file id="fl-59">
         <path>C:\ti\ccsv6\tools\compiler\msp430_15.12.3.LTS\lib\</path>
         <kind>archive</kind>
         <file>rts430x_lc_sd_eabi.lib</file>
         <name>autoinit_wdt.obj</name>
      </input_file>
      <input_file id="fl-5a">
         <path>C:\ti\ccsv6\tools\compiler\msp430_15.12.3.LTS\lib\</path>
         <kind>archive</kind>
         <file>rts430x_lc_sd_eabi.lib</file>
         <name>cpy_tbl.obj</name>
      </input_file>
      <input_file id="fl-5b">
         <path>C:\ti\ccsv6\tools\compiler\msp430_15.12.3.LTS\lib\</path>
         <kind>archive</kind>
         <file>rts430x_lc_sd_eabi.lib</file>
         <name>frcmpyd.obj</name>
      </input_file>
      <input_file id="fl-5c">
         <path>C:\ti\ccsv6\tools\compiler\msp430_15.12.3.LTS\lib\</path>
         <kind>archive</kind>
         <file>rts430x_lc_sd_eabi.lib</file>
         <name>memcpy.obj</name>
      </input_file>
      <input_file id="fl-5d">
         <path>C:\ti\ccsv6\tools\compiler\msp430_15.12.3.LTS\lib\</path>
         <kind>archive</kind>
         <file>rts430x_lc_sd_eabi.lib</file>
         <name>mult32.obj</name>
      </input_file>
      <input_file id="fl-5e">
         <path>C:\ti\ccsv6\tools\compiler\msp430_15.12.3.LTS\lib\</path>
         <kind>archive</kind>
         <file>rts430x_lc_sd_eabi.lib</file>
         <name>startup.obj</name>
      </input_file>
   </input_file_list>
   <object_component_list>
      <object_component id="oc-4a6">
         <name>.bss:MoveX</name>
         <uninitialized>true</uninitialized>
         <run_address>0x1c00</run_address>
         <size>0xa</size>
         <input_file_ref idref="fl-2"/>
      </object_component>
      <object_component id="oc-4a2">
         <name>.bss</name>
         <uninitialized>true</uninitialized>
         <run_address>0x1c14</run_address>
         <size>0x6</size>
         <input_file_ref idref="fl-2"/>
      </object_component>
      <object_component id="oc-47d">
         <name>.common:sAccel</name>
         <uninitialized>true</uninitialized>
         <run_address>0x1c0a</run_address>
         <size>0xa</size>
      </object_component>
      <object_component id="oc-479">
         <name>.common:as_ok</name>
         <uninitialized>true</uninitialized>
         <run_address>0x1c1a</run_address>
         <size>0x1</size>
      </object_component>
      <object_component id="oc-4a3">
         <name>.data</name>
         <load_address>0x1c1c</load_address>
         <run_address>0x1c1c</run_address>
         <size>0x2</size>
         <input_file_ref idref="fl-2"/>
      </object_component>
      <object_component id="oc-38b">
         <name>.stack</name>
         <uninitialized>true</uninitialized>
         <run_address>0x2bac</run_address>
         <size>0x2</size>
         <input_file_ref idref="fl-28"/>
      </object_component>
      <object_component id="oc-5f3">
         <name>.stack</name>
         <uninitialized>true</uninitialized>
         <run_address>0x2bac</run_address>
         <size>0x0</size>
      </object_component>
      <object_component id="oc-51d">
         <name>.text:__TI_frcmpyd</name>
         <load_address>0x8000</load_address>
         <run_address>0x8000</run_address>
         <size>0x2e4</size>
         <input_file_ref idref="fl-5b"/>
      </object_component>
      <object_component id="oc-4b8">
         <name>.text:__mspabi_addd</name>
         <load_address>0x82e4</load_address>
         <run_address>0x82e4</run_address>
         <size>0x2d6</size>
         <input_file_ref idref="fl-27"/>
      </object_component>
      <object_component id="oc-4b2">
         <name>.text:__mspabi_mpyd</name>
         <load_address>0x85ba</load_address>
         <run_address>0x85ba</run_address>
         <size>0x280</size>
         <input_file_ref idref="fl-4d"/>
      </object_component>
      <object_component id="oc-52a">
         <name>.text:__TI_frcaddd</name>
         <load_address>0x883a</load_address>
         <run_address>0x883a</run_address>
         <size>0x252</size>
         <input_file_ref idref="fl-35"/>
      </object_component>
      <object_component id="oc-43b">
         <name>.text:display_acceleration</name>
         <load_address>0x8a8c</load_address>
         <run_address>0x8a8c</run_address>
         <size>0x15e</size>
         <input_file_ref idref="fl-2"/>
      </object_component>
      <object_component id="oc-39b">
         <name>.text:__TI_decompress_rle_core</name>
         <load_address>0x8bea</load_address>
         <run_address>0x8bea</run_address>
         <size>0xd6</size>
         <input_file_ref idref="fl-2b"/>
      </object_component>
      <object_component id="oc-570">
         <name>.text:__TI_renormd</name>
         <load_address>0x8cc0</load_address>
         <run_address>0x8cc0</run_address>
         <size>0xb2</size>
         <input_file_ref idref="fl-55"/>
      </object_component>
      <object_component id="oc-3f6">
         <name>.text:copy_in</name>
         <load_address>0x8d72</load_address>
         <run_address>0x8d72</run_address>
         <size>0xb2</size>
         <input_file_ref idref="fl-5a"/>
      </object_component>
      <object_component id="oc-3b9">
         <name>.text:_auto_init_hold_wdt</name>
         <load_address>0x8e24</load_address>
         <run_address>0x8e24</run_address>
         <size>0x96</size>
         <input_file_ref idref="fl-59"/>
      </object_component>
      <object_component id="oc-516">
         <name>.text:__mspabi_fltuld</name>
         <load_address>0x8eba</load_address>
         <run_address>0x8eba</run_address>
         <size>0x80</size>
         <input_file_ref idref="fl-34"/>
      </object_component>
      <object_component id="oc-532">
         <name>.text:__mspabi_fixdul</name>
         <load_address>0x8f3a</load_address>
         <run_address>0x8f3a</run_address>
         <size>0x68</size>
         <input_file_ref idref="fl-32"/>
      </object_component>
      <object_component id="oc-53b">
         <name>.text:as_read_register</name>
         <load_address>0x8fa2</load_address>
         <run_address>0x8fa2</run_address>
         <size>0x68</size>
         <input_file_ref idref="fl-3"/>
      </object_component>
      <object_component id="oc-545">
         <name>.text:as_write_register</name>
         <load_address>0x900a</load_address>
         <run_address>0x900a</run_address>
         <size>0x68</size>
         <input_file_ref idref="fl-3"/>
      </object_component>
      <object_component id="oc-491">
         <name>.text:bmp_as_start</name>
         <load_address>0x9072</load_address>
         <run_address>0x9072</run_address>
         <size>0x64</size>
         <input_file_ref idref="fl-4"/>
      </object_component>
      <object_component id="oc-484">
         <name>.text:bmp_as_get_data</name>
         <load_address>0x90d6</load_address>
         <run_address>0x90d6</run_address>
         <size>0x52</size>
         <input_file_ref idref="fl-4"/>
      </object_component>
      <object_component id="oc-497">
         <name>.text:convert_acceleration_value_to_mgrav</name>
         <load_address>0x9128</load_address>
         <run_address>0x9128</run_address>
         <size>0x4e</size>
         <input_file_ref idref="fl-2"/>
      </object_component>
      <object_component id="oc-4ee">
         <name>.text:as_start</name>
         <load_address>0x9176</load_address>
         <run_address>0x9176</run_address>
         <size>0x42</size>
         <input_file_ref idref="fl-3"/>
      </object_component>
      <object_component id="oc-38f">
         <name>.text:__memcpy_far</name>
         <load_address>0x91b8</load_address>
         <run_address>0x91b8</run_address>
         <size>0x40</size>
         <input_file_ref idref="fl-2d"/>
      </object_component>
      <object_component id="oc-562">
         <name>.text:l_asr_const</name>
         <load_address>0x91f8</load_address>
         <run_address>0x91f8</run_address>
         <size>0x3e</size>
         <input_file_ref idref="fl-58"/>
      </object_component>
      <object_component id="oc-551">
         <name>.text:l_lsl_const</name>
         <load_address>0x9236</load_address>
         <run_address>0x9236</run_address>
         <size>0x3e</size>
         <input_file_ref idref="fl-49"/>
      </object_component>
      <object_component id="oc-556">
         <name>.text:l_lsr_const</name>
         <load_address>0x9274</load_address>
         <run_address>0x9274</run_address>
         <size>0x3e</size>
         <input_file_ref idref="fl-4a"/>
      </object_component>
      <object_component id="oc-66">
         <name>.text:decompress:none:__TI_decompress_none</name>
         <load_address>0x92b2</load_address>
         <run_address>0x92b2</run_address>
         <size>0x3c</size>
         <input_file_ref idref="fl-2a"/>
      </object_component>
      <object_component id="oc-423">
         <name>.text:as_init</name>
         <load_address>0x92ee</load_address>
         <run_address>0x92ee</run_address>
         <size>0x2e</size>
         <input_file_ref idref="fl-3"/>
      </object_component>
      <object_component id="oc-41d">
         <name>.text:lcd_init</name>
         <load_address>0x931c</load_address>
         <run_address>0x931c</run_address>
         <size>0x2a</size>
         <input_file_ref idref="fl-5"/>
      </object_component>
      <object_component id="oc-42f">
         <name>.text:init_buttons</name>
         <load_address>0x9346</load_address>
         <run_address>0x9346</run_address>
         <size>0x26</size>
         <input_file_ref idref="fl-6"/>
      </object_component>
      <object_component id="oc-55d">
         <name>.text</name>
         <load_address>0x936c</load_address>
         <run_address>0x936c</run_address>
         <size>0x24</size>
         <input_file_ref idref="fl-52"/>
      </object_component>
      <object_component id="oc-3d3">
         <name>.text:main</name>
         <load_address>0x9390</load_address>
         <run_address>0x9390</run_address>
         <size>0x22</size>
         <input_file_ref idref="fl-5"/>
      </object_component>
      <object_component id="oc-a2">
         <name>.text:_isr:_c_int00_noargs_noexit</name>
         <load_address>0x93b2</load_address>
         <run_address>0x93b2</run_address>
         <size>0x1a</size>
         <input_file_ref idref="fl-29"/>
      </object_component>
      <object_component id="oc-443">
         <name>.text</name>
         <load_address>0x93cc</load_address>
         <run_address>0x93cc</run_address>
         <size>0x18</size>
         <input_file_ref idref="fl-50"/>
      </object_component>
      <object_component id="oc-49d">
         <name>.text</name>
         <load_address>0x93e4</load_address>
         <run_address>0x93e4</run_address>
         <size>0x16</size>
         <input_file_ref idref="fl-2e"/>
      </object_component>
      <object_component id="oc-4be">
         <name>.text:__mspabi_fixdu</name>
         <load_address>0x93fa</load_address>
         <run_address>0x93fa</run_address>
         <size>0x12</size>
         <input_file_ref idref="fl-31"/>
      </object_component>
      <object_component id="oc-48b">
         <name>.text:is_acceleration_measurement</name>
         <load_address>0x940c</load_address>
         <run_address>0x940c</run_address>
         <size>0x12</size>
         <input_file_ref idref="fl-2"/>
      </object_component>
      <object_component id="oc-448">
         <name>.text:memcpy</name>
         <load_address>0x941e</load_address>
         <run_address>0x941e</run_address>
         <size>0x12</size>
         <input_file_ref idref="fl-5c"/>
      </object_component>
      <object_component id="oc-56b">
         <name>.text:l_asr</name>
         <load_address>0x9430</load_address>
         <run_address>0x9430</run_address>
         <size>0x10</size>
         <input_file_ref idref="fl-58"/>
      </object_component>
      <object_component id="oc-501">
         <name>.text:l_lsl</name>
         <load_address>0x9440</load_address>
         <run_address>0x9440</run_address>
         <size>0x10</size>
         <input_file_ref idref="fl-49"/>
      </object_component>
      <object_component id="oc-506">
         <name>.text:l_lsr</name>
         <load_address>0x9450</load_address>
         <run_address>0x9450</run_address>
         <size>0x10</size>
         <input_file_ref idref="fl-4a"/>
      </object_component>
      <object_component id="oc-4fb">
         <name>.text:acceleration_value_is_positive</name>
         <load_address>0x9460</load_address>
         <run_address>0x9460</run_address>
         <size>0xe</size>
         <input_file_ref idref="fl-2"/>
      </object_component>
      <object_component id="oc-6c">
         <name>.text:decompress:rle24:__TI_decompress_rle24</name>
         <load_address>0x946e</load_address>
         <run_address>0x946e</run_address>
         <size>0xe</size>
         <input_file_ref idref="fl-2b"/>
      </object_component>
      <object_component id="oc-429">
         <name>.text:reset_acceleration</name>
         <load_address>0x947c</load_address>
         <run_address>0x947c</run_address>
         <size>0xe</size>
         <input_file_ref idref="fl-2"/>
      </object_component>
      <object_component id="oc-4e5">
         <name>.text:bmp_as_read_register</name>
         <load_address>0x948a</load_address>
         <run_address>0x948a</run_address>
         <size>0xa</size>
         <input_file_ref idref="fl-4"/>
      </object_component>
      <object_component id="oc-435">
         <name>.text:do_acceleration_measurement</name>
         <load_address>0x9494</load_address>
         <run_address>0x9494</run_address>
         <size>0xa</size>
         <input_file_ref idref="fl-2"/>
      </object_component>
      <object_component id="oc-3a8">
         <name>.text:_isr:__TI_ISR_TRAP</name>
         <load_address>0x949e</load_address>
         <run_address>0x949e</run_address>
         <size>0x8</size>
         <input_file_ref idref="fl-48"/>
      </object_component>
      <object_component id="oc-4ac">
         <name>.text:__mspabi_fltud</name>
         <load_address>0x94a6</load_address>
         <run_address>0x94a6</run_address>
         <size>0x6</size>
         <input_file_ref idref="fl-33"/>
      </object_component>
      <object_component id="oc-3db">
         <name>.text:abort</name>
         <load_address>0x94ac</load_address>
         <run_address>0x94ac</run_address>
         <size>0x6</size>
         <input_file_ref idref="fl-2f"/>
      </object_component>
      <object_component id="oc-4f4">
         <name>.text:bmp_as_write_register</name>
         <load_address>0x94b2</load_address>
         <run_address>0x94b2</run_address>
         <size>0x6</size>
         <input_file_ref idref="fl-4"/>
      </object_component>
      <object_component id="oc-3b3">
         <name>.text:_system_pre_init</name>
         <load_address>0x94b8</load_address>
         <run_address>0x94b8</run_address>
         <size>0x4</size>
         <input_file_ref idref="fl-54"/>
      </object_component>
      <object_component id="oc-3fc">
         <name>.text:_system_post_cinit</name>
         <load_address>0x94bc</load_address>
         <run_address>0x94bc</run_address>
         <size>0x2</size>
         <input_file_ref idref="fl-5e"/>
      </object_component>
      <object_component id="oc-5f1">
         <name>.cinit..bss.load</name>
         <load_address>0x94e6</load_address>
         <run_address>0x94e6</run_address>
         <size>0x9</size>
      </object_component>
      <object_component id="oc-5f2">
         <name>.cinit..data.load</name>
         <load_address>0x94f0</load_address>
         <run_address>0x94f0</run_address>
         <size>0x8</size>
      </object_component>
      <object_component id="oc-5ef">
         <name>__TI_handler_table</name>
         <load_address>0x94f8</load_address>
         <run_address>0x94f8</run_address>
         <size>0x8</size>
      </object_component>
      <object_component id="oc-5f0">
         <name>__TI_cinit_table</name>
         <load_address>0x9500</load_address>
         <run_address>0x9500</run_address>
         <size>0x10</size>
      </object_component>
      <object_component id="oc-50b">
         <name>.const:bmp_mgrav_per_bit</name>
         <load_address>0x94be</load_address>
         <run_address>0x94be</run_address>
         <size>0xe</size>
         <input_file_ref idref="fl-2"/>
      </object_component>
      <object_component id="oc-4a9">
         <name>.const:.string:LCD_Char_Map</name>
         <load_address>0x94cc</load_address>
         <run_address>0x94cc</run_address>
         <size>0xd</size>
         <input_file_ref idref="fl-2"/>
      </object_component>
      <object_component id="oc-4c4">
         <name>.const:.string</name>
         <load_address>0x94da</load_address>
         <run_address>0x94da</run_address>
         <size>0xc</size>
         <input_file_ref idref="fl-2"/>
      </object_component>
      <object_component id="oc-72">
         <name>.int45</name>
         <load_address>0xffda</load_address>
         <run_address>0xffda</run_address>
         <size>0x2</size>
         <input_file_ref idref="fl-36"/>
      </object_component>
      <object_component id="oc-73">
         <name>.int46</name>
         <load_address>0xffdc</load_address>
         <run_address>0xffdc</run_address>
         <size>0x2</size>
         <input_file_ref idref="fl-37"/>
      </object_component>
      <object_component id="oc-74">
         <name>.int47</name>
         <load_address>0xffde</load_address>
         <run_address>0xffde</run_address>
         <size>0x2</size>
         <input_file_ref idref="fl-38"/>
      </object_component>
      <object_component id="oc-75">
         <name>.int48</name>
         <load_address>0xffe0</load_address>
         <run_address>0xffe0</run_address>
         <size>0x2</size>
         <input_file_ref idref="fl-39"/>
      </object_component>
      <object_component id="oc-76">
         <name>.int49</name>
         <load_address>0xffe2</load_address>
         <run_address>0xffe2</run_address>
         <size>0x2</size>
         <input_file_ref idref="fl-3a"/>
      </object_component>
      <object_component id="oc-77">
         <name>.int50</name>
         <load_address>0xffe4</load_address>
         <run_address>0xffe4</run_address>
         <size>0x2</size>
         <input_file_ref idref="fl-3b"/>
      </object_component>
      <object_component id="oc-78">
         <name>.int51</name>
         <load_address>0xffe6</load_address>
         <run_address>0xffe6</run_address>
         <size>0x2</size>
         <input_file_ref idref="fl-3c"/>
      </object_component>
      <object_component id="oc-79">
         <name>.int52</name>
         <load_address>0xffe8</load_address>
         <run_address>0xffe8</run_address>
         <size>0x2</size>
         <input_file_ref idref="fl-3d"/>
      </object_component>
      <object_component id="oc-7a">
         <name>.int53</name>
         <load_address>0xffea</load_address>
         <run_address>0xffea</run_address>
         <size>0x2</size>
         <input_file_ref idref="fl-3e"/>
      </object_component>
      <object_component id="oc-7b">
         <name>.int54</name>
         <load_address>0xffec</load_address>
         <run_address>0xffec</run_address>
         <size>0x2</size>
         <input_file_ref idref="fl-3f"/>
      </object_component>
      <object_component id="oc-7c">
         <name>.int55</name>
         <load_address>0xffee</load_address>
         <run_address>0xffee</run_address>
         <size>0x2</size>
         <input_file_ref idref="fl-40"/>
      </object_component>
      <object_component id="oc-7d">
         <name>.int56</name>
         <load_address>0xfff0</load_address>
         <run_address>0xfff0</run_address>
         <size>0x2</size>
         <input_file_ref idref="fl-41"/>
      </object_component>
      <object_component id="oc-7e">
         <name>.int57</name>
         <load_address>0xfff2</load_address>
         <run_address>0xfff2</run_address>
         <size>0x2</size>
         <input_file_ref idref="fl-42"/>
      </object_component>
      <object_component id="oc-7f">
         <name>.int58</name>
         <load_address>0xfff4</load_address>
         <run_address>0xfff4</run_address>
         <size>0x2</size>
         <input_file_ref idref="fl-43"/>
      </object_component>
      <object_component id="oc-80">
         <name>.int59</name>
         <load_address>0xfff6</load_address>
         <run_address>0xfff6</run_address>
         <size>0x2</size>
         <input_file_ref idref="fl-44"/>
      </object_component>
      <object_component id="oc-81">
         <name>.int60</name>
         <load_address>0xfff8</load_address>
         <run_address>0xfff8</run_address>
         <size>0x2</size>
         <input_file_ref idref="fl-45"/>
      </object_component>
      <object_component id="oc-82">
         <name>.int61</name>
         <load_address>0xfffa</load_address>
         <run_address>0xfffa</run_address>
         <size>0x2</size>
         <input_file_ref idref="fl-46"/>
      </object_component>
      <object_component id="oc-83">
         <name>.int62</name>
         <load_address>0xfffc</load_address>
         <run_address>0xfffc</run_address>
         <size>0x2</size>
         <input_file_ref idref="fl-47"/>
      </object_component>
      <object_component id="oc-38e">
         <name>.reset</name>
         <load_address>0xfffe</load_address>
         <run_address>0xfffe</run_address>
         <size>0x2</size>
         <input_file_ref idref="fl-28"/>
      </object_component>
      <object_component id="oc-47e">
         <name>.debug_info</name>
         <load_address>0x0</load_address>
         <run_address>0x0</run_address>
         <size>0x2dc</size>
         <input_file_ref idref="fl-2"/>
      </object_component>
      <object_component id="oc-4aa">
         <name>.debug_info</name>
         <load_address>0x2dc</load_address>
         <run_address>0x2dc</run_address>
         <size>0xd8</size>
         <input_file_ref idref="fl-2"/>
      </object_component>
      <object_component id="oc-50c">
         <name>.debug_info</name>
         <load_address>0x3b4</load_address>
         <run_address>0x3b4</run_address>
         <size>0xe2</size>
         <input_file_ref idref="fl-2"/>
      </object_component>
      <object_component id="oc-4a7">
         <name>.debug_info</name>
         <load_address>0x496</load_address>
         <run_address>0x496</run_address>
         <size>0xc9</size>
         <input_file_ref idref="fl-2"/>
      </object_component>
      <object_component id="oc-4a4">
         <name>.debug_info</name>
         <load_address>0x55f</load_address>
         <run_address>0x55f</run_address>
         <size>0xcf</size>
         <input_file_ref idref="fl-2"/>
      </object_component>
      <object_component id="oc-42a">
         <name>.debug_info</name>
         <load_address>0x62e</load_address>
         <run_address>0x62e</run_address>
         <size>0x11e</size>
         <input_file_ref idref="fl-2"/>
      </object_component>
      <object_component id="oc-4fc">
         <name>.debug_info</name>
         <load_address>0x74c</load_address>
         <run_address>0x74c</run_address>
         <size>0x160</size>
         <input_file_ref idref="fl-2"/>
      </object_component>
      <object_component id="oc-498">
         <name>.debug_info</name>
         <load_address>0x8ac</load_address>
         <run_address>0x8ac</run_address>
         <size>0x1eb</size>
         <input_file_ref idref="fl-2"/>
      </object_component>
      <object_component id="oc-48c">
         <name>.debug_info</name>
         <load_address>0xa97</load_address>
         <run_address>0xa97</run_address>
         <size>0x134</size>
         <input_file_ref idref="fl-2"/>
      </object_component>
      <object_component id="oc-436">
         <name>.debug_info</name>
         <load_address>0xbcb</load_address>
         <run_address>0xbcb</run_address>
         <size>0x146</size>
         <input_file_ref idref="fl-2"/>
      </object_component>
      <object_component id="oc-43c">
         <name>.debug_info</name>
         <load_address>0xd11</load_address>
         <run_address>0xd11</run_address>
         <size>0x3d6</size>
         <input_file_ref idref="fl-2"/>
      </object_component>
      <object_component id="oc-3e9">
         <name>.debug_info</name>
         <load_address>0x10e7</load_address>
         <run_address>0x10e7</run_address>
         <size>0x84</size>
         <input_file_ref idref="fl-2"/>
      </object_component>
      <object_component id="oc-4de">
         <name>.debug_info</name>
         <load_address>0x116b</load_address>
         <run_address>0x116b</run_address>
         <size>0x91</size>
         <input_file_ref idref="fl-2"/>
      </object_component>
      <object_component id="oc-47a">
         <name>.debug_info</name>
         <load_address>0x11fc</load_address>
         <run_address>0x11fc</run_address>
         <size>0x2f0</size>
         <input_file_ref idref="fl-3"/>
      </object_component>
      <object_component id="oc-424">
         <name>.debug_info</name>
         <load_address>0x14ec</load_address>
         <run_address>0x14ec</run_address>
         <size>0xea</size>
         <input_file_ref idref="fl-3"/>
      </object_component>
      <object_component id="oc-4ef">
         <name>.debug_info</name>
         <load_address>0x15d6</load_address>
         <run_address>0x15d6</run_address>
         <size>0xec</size>
         <input_file_ref idref="fl-3"/>
      </object_component>
      <object_component id="oc-53c">
         <name>.debug_info</name>
         <load_address>0x16c2</load_address>
         <run_address>0x16c2</run_address>
         <size>0x160</size>
         <input_file_ref idref="fl-3"/>
      </object_component>
      <object_component id="oc-546">
         <name>.debug_info</name>
         <load_address>0x1822</load_address>
         <run_address>0x1822</run_address>
         <size>0x188</size>
         <input_file_ref idref="fl-3"/>
      </object_component>
      <object_component id="oc-4ec">
         <name>.debug_info</name>
         <load_address>0x19aa</load_address>
         <run_address>0x19aa</run_address>
         <size>0x2a3</size>
         <input_file_ref idref="fl-4"/>
      </object_component>
      <object_component id="oc-492">
         <name>.debug_info</name>
         <load_address>0x1c4d</load_address>
         <run_address>0x1c4d</run_address>
         <size>0x1d8</size>
         <input_file_ref idref="fl-4"/>
      </object_component>
      <object_component id="oc-4e6">
         <name>.debug_info</name>
         <load_address>0x1e25</load_address>
         <run_address>0x1e25</run_address>
         <size>0x15d</size>
         <input_file_ref idref="fl-4"/>
      </object_component>
      <object_component id="oc-4f5">
         <name>.debug_info</name>
         <load_address>0x1f82</load_address>
         <run_address>0x1f82</run_address>
         <size>0x15a</size>
         <input_file_ref idref="fl-4"/>
      </object_component>
      <object_component id="oc-485">
         <name>.debug_info</name>
         <load_address>0x20dc</load_address>
         <run_address>0x20dc</run_address>
         <size>0x1ca</size>
         <input_file_ref idref="fl-4"/>
      </object_component>
      <object_component id="oc-480">
         <name>.debug_info</name>
         <load_address>0x22a6</load_address>
         <run_address>0x22a6</run_address>
         <size>0x322</size>
         <input_file_ref idref="fl-5"/>
      </object_component>
      <object_component id="oc-420">
         <name>.debug_info</name>
         <load_address>0x25c8</load_address>
         <run_address>0x25c8</run_address>
         <size>0xf2</size>
         <input_file_ref idref="fl-5"/>
      </object_component>
      <object_component id="oc-3d5">
         <name>.debug_info</name>
         <load_address>0x26ba</load_address>
         <run_address>0x26ba</run_address>
         <size>0x16e</size>
         <input_file_ref idref="fl-5"/>
      </object_component>
      <object_component id="oc-431">
         <name>.debug_info</name>
         <load_address>0x2828</load_address>
         <run_address>0x2828</run_address>
         <size>0xfa</size>
         <input_file_ref idref="fl-6"/>
      </object_component>
      <object_component id="oc-531">
         <name>.debug_info</name>
         <load_address>0x2922</load_address>
         <run_address>0x2922</run_address>
         <size>0x202</size>
         <input_file_ref idref="fl-27"/>
      </object_component>
      <object_component id="oc-4bb">
         <name>.debug_info</name>
         <load_address>0x2b24</load_address>
         <run_address>0x2b24</run_address>
         <size>0x228</size>
         <input_file_ref idref="fl-27"/>
      </object_component>
      <object_component id="oc-525">
         <name>.debug_info</name>
         <load_address>0x2d4c</load_address>
         <run_address>0x2d4c</run_address>
         <size>0x94</size>
         <input_file_ref idref="fl-27"/>
      </object_component>
      <object_component id="oc-38c">
         <name>.debug_info</name>
         <load_address>0x2de0</load_address>
         <run_address>0x2de0</run_address>
         <size>0xf6</size>
         <input_file_ref idref="fl-28"/>
      </object_component>
      <object_component id="oc-a4">
         <name>.debug_info</name>
         <load_address>0x2ed6</load_address>
         <run_address>0x2ed6</run_address>
         <size>0x197</size>
         <input_file_ref idref="fl-29"/>
      </object_component>
      <object_component id="oc-39a">
         <name>.debug_info</name>
         <load_address>0x306d</load_address>
         <run_address>0x306d</run_address>
         <size>0x1d0</size>
         <input_file_ref idref="fl-2a"/>
      </object_component>
      <object_component id="oc-68">
         <name>.debug_info</name>
         <load_address>0x323d</load_address>
         <run_address>0x323d</run_address>
         <size>0x1e8</size>
         <input_file_ref idref="fl-2a"/>
      </object_component>
      <object_component id="oc-395">
         <name>.debug_info</name>
         <load_address>0x3425</load_address>
         <run_address>0x3425</run_address>
         <size>0x46</size>
         <input_file_ref idref="fl-2a"/>
      </object_component>
      <object_component id="oc-3a2">
         <name>.debug_info</name>
         <load_address>0x346b</load_address>
         <run_address>0x346b</run_address>
         <size>0x1d5</size>
         <input_file_ref idref="fl-2b"/>
      </object_component>
      <object_component id="oc-39d">
         <name>.debug_info</name>
         <load_address>0x3640</load_address>
         <run_address>0x3640</run_address>
         <size>0x2c1</size>
         <input_file_ref idref="fl-2b"/>
      </object_component>
      <object_component id="oc-70">
         <name>.debug_info</name>
         <load_address>0x3901</load_address>
         <run_address>0x3901</run_address>
         <size>0x1c1</size>
         <input_file_ref idref="fl-2b"/>
      </object_component>
      <object_component id="oc-3a3">
         <name>.debug_info</name>
         <load_address>0x3ac2</load_address>
         <run_address>0x3ac2</run_address>
         <size>0x39</size>
         <input_file_ref idref="fl-2b"/>
      </object_component>
      <object_component id="oc-390">
         <name>.debug_info</name>
         <load_address>0x3afb</load_address>
         <run_address>0x3afb</run_address>
         <size>0x11a</size>
         <input_file_ref idref="fl-2d"/>
      </object_component>
      <object_component id="oc-49e">
         <name>.debug_info</name>
         <load_address>0x3c15</load_address>
         <run_address>0x3c15</run_address>
         <size>0x11a</size>
         <input_file_ref idref="fl-2e"/>
      </object_component>
      <object_component id="oc-3dc">
         <name>.debug_info</name>
         <load_address>0x3d2f</load_address>
         <run_address>0x3d2f</run_address>
         <size>0x118</size>
         <input_file_ref idref="fl-2f"/>
      </object_component>
      <object_component id="oc-4bf">
         <name>.debug_info</name>
         <load_address>0x3e47</load_address>
         <run_address>0x3e47</run_address>
         <size>0x16c</size>
         <input_file_ref idref="fl-31"/>
      </object_component>
      <object_component id="oc-536">
         <name>.debug_info</name>
         <load_address>0x3fb3</load_address>
         <run_address>0x3fb3</run_address>
         <size>0x1a6</size>
         <input_file_ref idref="fl-32"/>
      </object_component>
      <object_component id="oc-4ad">
         <name>.debug_info</name>
         <load_address>0x4159</load_address>
         <run_address>0x4159</run_address>
         <size>0x15c</size>
         <input_file_ref idref="fl-33"/>
      </object_component>
      <object_component id="oc-55c">
         <name>.debug_info</name>
         <load_address>0x42b5</load_address>
         <run_address>0x42b5</run_address>
         <size>0x1c6</size>
         <input_file_ref idref="fl-34"/>
      </object_component>
      <object_component id="oc-517">
         <name>.debug_info</name>
         <load_address>0x447b</load_address>
         <run_address>0x447b</run_address>
         <size>0x1b7</size>
         <input_file_ref idref="fl-34"/>
      </object_component>
      <object_component id="oc-577">
         <name>.debug_info</name>
         <load_address>0x4632</load_address>
         <run_address>0x4632</run_address>
         <size>0x1fb</size>
         <input_file_ref idref="fl-35"/>
      </object_component>
      <object_component id="oc-52b">
         <name>.debug_info</name>
         <load_address>0x482d</load_address>
         <run_address>0x482d</run_address>
         <size>0x2b2</size>
         <input_file_ref idref="fl-35"/>
      </object_component>
      <object_component id="oc-3ab">
         <name>.debug_info</name>
         <load_address>0x4adf</load_address>
         <run_address>0x4adf</run_address>
         <size>0x108</size>
         <input_file_ref idref="fl-48"/>
      </object_component>
      <object_component id="oc-503">
         <name>.debug_info</name>
         <load_address>0x4be7</load_address>
         <run_address>0x4be7</run_address>
         <size>0x119</size>
         <input_file_ref idref="fl-49"/>
      </object_component>
      <object_component id="oc-554">
         <name>.debug_info</name>
         <load_address>0x4d00</load_address>
         <run_address>0x4d00</run_address>
         <size>0x11f</size>
         <input_file_ref idref="fl-49"/>
      </object_component>
      <object_component id="oc-507">
         <name>.debug_info</name>
         <load_address>0x4e1f</load_address>
         <run_address>0x4e1f</run_address>
         <size>0x119</size>
         <input_file_ref idref="fl-4a"/>
      </object_component>
      <object_component id="oc-559">
         <name>.debug_info</name>
         <load_address>0x4f38</load_address>
         <run_address>0x4f38</run_address>
         <size>0x11f</size>
         <input_file_ref idref="fl-4a"/>
      </object_component>
      <object_component id="oc-524">
         <name>.debug_info</name>
         <load_address>0x5057</load_address>
         <run_address>0x5057</run_address>
         <size>0x1fd</size>
         <input_file_ref idref="fl-4d"/>
      </object_component>
      <object_component id="oc-4b5">
         <name>.debug_info</name>
         <load_address>0x5254</load_address>
         <run_address>0x5254</run_address>
         <size>0x259</size>
         <input_file_ref idref="fl-4d"/>
      </object_component>
      <object_component id="oc-444">
         <name>.debug_info</name>
         <load_address>0x54ad</load_address>
         <run_address>0x54ad</run_address>
         <size>0x129</size>
         <input_file_ref idref="fl-50"/>
      </object_component>
      <object_component id="oc-55e">
         <name>.debug_info</name>
         <load_address>0x55d6</load_address>
         <run_address>0x55d6</run_address>
         <size>0x129</size>
         <input_file_ref idref="fl-52"/>
      </object_component>
      <object_component id="oc-3b4">
         <name>.debug_info</name>
         <load_address>0x56ff</load_address>
         <run_address>0x56ff</run_address>
         <size>0x149</size>
         <input_file_ref idref="fl-54"/>
      </object_component>
      <object_component id="oc-587">
         <name>.debug_info</name>
         <load_address>0x5848</load_address>
         <run_address>0x5848</run_address>
         <size>0x1cd</size>
         <input_file_ref idref="fl-55"/>
      </object_component>
      <object_component id="oc-571">
         <name>.debug_info</name>
         <load_address>0x5a15</load_address>
         <run_address>0x5a15</run_address>
         <size>0x1d3</size>
         <input_file_ref idref="fl-55"/>
      </object_component>
      <object_component id="oc-56d">
         <name>.debug_info</name>
         <load_address>0x5be8</load_address>
         <run_address>0x5be8</run_address>
         <size>0x119</size>
         <input_file_ref idref="fl-58"/>
      </object_component>
      <object_component id="oc-563">
         <name>.debug_info</name>
         <load_address>0x5d01</load_address>
         <run_address>0x5d01</run_address>
         <size>0x11f</size>
         <input_file_ref idref="fl-58"/>
      </object_component>
      <object_component id="oc-403">
         <name>.debug_info</name>
         <load_address>0x5e20</load_address>
         <run_address>0x5e20</run_address>
         <size>0x403</size>
         <input_file_ref idref="fl-59"/>
      </object_component>
      <object_component id="oc-3ba">
         <name>.debug_info</name>
         <load_address>0x6223</load_address>
         <run_address>0x6223</run_address>
         <size>0x223</size>
         <input_file_ref idref="fl-59"/>
      </object_component>
      <object_component id="oc-453">
         <name>.debug_info</name>
         <load_address>0x6446</load_address>
         <run_address>0x6446</run_address>
         <size>0x39</size>
         <input_file_ref idref="fl-59"/>
      </object_component>
      <object_component id="oc-404">
         <name>.debug_info</name>
         <load_address>0x647f</load_address>
         <run_address>0x647f</run_address>
         <size>0x2c</size>
         <input_file_ref idref="fl-59"/>
      </object_component>
      <object_component id="oc-458">
         <name>.debug_info</name>
         <load_address>0x64ab</load_address>
         <run_address>0x64ab</run_address>
         <size>0xcd</size>
         <input_file_ref idref="fl-59"/>
      </object_component>
      <object_component id="oc-44f">
         <name>.debug_info</name>
         <load_address>0x6578</load_address>
         <run_address>0x6578</run_address>
         <size>0x2ad</size>
         <input_file_ref idref="fl-5a"/>
      </object_component>
      <object_component id="oc-3f9">
         <name>.debug_info</name>
         <load_address>0x6825</load_address>
         <run_address>0x6825</run_address>
         <size>0x20d</size>
         <input_file_ref idref="fl-5a"/>
      </object_component>
      <object_component id="oc-4d0">
         <name>.debug_info</name>
         <load_address>0x6a32</load_address>
         <run_address>0x6a32</run_address>
         <size>0x2c</size>
         <input_file_ref idref="fl-5a"/>
      </object_component>
      <object_component id="oc-4c9">
         <name>.debug_info</name>
         <load_address>0x6a5e</load_address>
         <run_address>0x6a5e</run_address>
         <size>0x2c</size>
         <input_file_ref idref="fl-5a"/>
      </object_component>
      <object_component id="oc-568">
         <name>.debug_info</name>
         <load_address>0x6a8a</load_address>
         <run_address>0x6a8a</run_address>
         <size>0x1e9</size>
         <input_file_ref idref="fl-5b"/>
      </object_component>
      <object_component id="oc-520">
         <name>.debug_info</name>
         <load_address>0x6c73</load_address>
         <run_address>0x6c73</run_address>
         <size>0x35f</size>
         <input_file_ref idref="fl-5b"/>
      </object_component>
      <object_component id="oc-4c8">
         <name>.debug_info</name>
         <load_address>0x6fd2</load_address>
         <run_address>0x6fd2</run_address>
         <size>0x16e</size>
         <input_file_ref idref="fl-5c"/>
      </object_component>
      <object_component id="oc-44b">
         <name>.debug_info</name>
         <load_address>0x7140</load_address>
         <run_address>0x7140</run_address>
         <size>0x192</size>
         <input_file_ref idref="fl-5c"/>
      </object_component>
      <object_component id="oc-3fe">
         <name>.debug_info</name>
         <load_address>0x72d2</load_address>
         <run_address>0x72d2</run_address>
         <size>0x146</size>
         <input_file_ref idref="fl-5e"/>
      </object_component>
      <object_component id="oc-5f4">
         <name>.debug_info</name>
         <load_address>0x7418</load_address>
         <run_address>0x7418</run_address>
         <size>0x9a</size>
      </object_component>
      <object_component id="oc-4dd">
         <name>.debug_line</name>
         <load_address>0x0</load_address>
         <run_address>0x0</run_address>
         <size>0xde</size>
         <input_file_ref idref="fl-2"/>
      </object_component>
      <object_component id="oc-515">
         <name>.debug_line</name>
         <load_address>0xde</load_address>
         <run_address>0xde</run_address>
         <size>0x35</size>
         <input_file_ref idref="fl-2"/>
      </object_component>
      <object_component id="oc-550">
         <name>.debug_line</name>
         <load_address>0x113</load_address>
         <run_address>0x113</run_address>
         <size>0x35</size>
         <input_file_ref idref="fl-2"/>
      </object_component>
      <object_component id="oc-513">
         <name>.debug_line</name>
         <load_address>0x148</load_address>
         <run_address>0x148</run_address>
         <size>0x35</size>
         <input_file_ref idref="fl-2"/>
      </object_component>
      <object_component id="oc-511">
         <name>.debug_line</name>
         <load_address>0x17d</load_address>
         <run_address>0x17d</run_address>
         <size>0x35</size>
         <input_file_ref idref="fl-2"/>
      </object_component>
      <object_component id="oc-42e">
         <name>.debug_line</name>
         <load_address>0x1b2</load_address>
         <run_address>0x1b2</run_address>
         <size>0x4d</size>
         <input_file_ref idref="fl-2"/>
      </object_component>
      <object_component id="oc-500">
         <name>.debug_line</name>
         <load_address>0x1ff</load_address>
         <run_address>0x1ff</run_address>
         <size>0x4b</size>
         <input_file_ref idref="fl-2"/>
      </object_component>
      <object_component id="oc-49b">
         <name>.debug_line</name>
         <load_address>0x24a</load_address>
         <run_address>0x24a</run_address>
         <size>0x5d</size>
         <input_file_ref idref="fl-2"/>
      </object_component>
      <object_component id="oc-48f">
         <name>.debug_line</name>
         <load_address>0x2a7</load_address>
         <run_address>0x2a7</run_address>
         <size>0x4b</size>
         <input_file_ref idref="fl-2"/>
      </object_component>
      <object_component id="oc-43a">
         <name>.debug_line</name>
         <load_address>0x2f2</load_address>
         <run_address>0x2f2</run_address>
         <size>0x4b</size>
         <input_file_ref idref="fl-2"/>
      </object_component>
      <object_component id="oc-440">
         <name>.debug_line</name>
         <load_address>0x33d</load_address>
         <run_address>0x33d</run_address>
         <size>0xa2</size>
         <input_file_ref idref="fl-2"/>
      </object_component>
      <object_component id="oc-3ec">
         <name>.debug_line</name>
         <load_address>0x3df</load_address>
         <run_address>0x3df</run_address>
         <size>0x20</size>
         <input_file_ref idref="fl-2"/>
      </object_component>
      <object_component id="oc-4e1">
         <name>.debug_line</name>
         <load_address>0x3ff</load_address>
         <run_address>0x3ff</run_address>
         <size>0x35</size>
         <input_file_ref idref="fl-2"/>
      </object_component>
      <object_component id="oc-4db">
         <name>.debug_line</name>
         <load_address>0x434</load_address>
         <run_address>0x434</run_address>
         <size>0xa5</size>
         <input_file_ref idref="fl-3"/>
      </object_component>
      <object_component id="oc-427">
         <name>.debug_line</name>
         <load_address>0x4d9</load_address>
         <run_address>0x4d9</run_address>
         <size>0x49</size>
         <input_file_ref idref="fl-3"/>
      </object_component>
      <object_component id="oc-4f2">
         <name>.debug_line</name>
         <load_address>0x522</load_address>
         <run_address>0x522</run_address>
         <size>0x4a</size>
         <input_file_ref idref="fl-3"/>
      </object_component>
      <object_component id="oc-540">
         <name>.debug_line</name>
         <load_address>0x56c</load_address>
         <run_address>0x56c</run_address>
         <size>0x68</size>
         <input_file_ref idref="fl-3"/>
      </object_component>
      <object_component id="oc-549">
         <name>.debug_line</name>
         <load_address>0x5d4</load_address>
         <run_address>0x5d4</run_address>
         <size>0x68</size>
         <input_file_ref idref="fl-3"/>
      </object_component>
      <object_component id="oc-543">
         <name>.debug_line</name>
         <load_address>0x63c</load_address>
         <run_address>0x63c</run_address>
         <size>0x5f</size>
         <input_file_ref idref="fl-4"/>
      </object_component>
      <object_component id="oc-495">
         <name>.debug_line</name>
         <load_address>0x69b</load_address>
         <run_address>0x69b</run_address>
         <size>0x5f</size>
         <input_file_ref idref="fl-4"/>
      </object_component>
      <object_component id="oc-4e9">
         <name>.debug_line</name>
         <load_address>0x6fa</load_address>
         <run_address>0x6fa</run_address>
         <size>0x45</size>
         <input_file_ref idref="fl-4"/>
      </object_component>
      <object_component id="oc-4f8">
         <name>.debug_line</name>
         <load_address>0x73f</load_address>
         <run_address>0x73f</run_address>
         <size>0x45</size>
         <input_file_ref idref="fl-4"/>
      </object_component>
      <object_component id="oc-488">
         <name>.debug_line</name>
         <load_address>0x784</load_address>
         <run_address>0x784</run_address>
         <size>0x4f</size>
         <input_file_ref idref="fl-4"/>
      </object_component>
      <object_component id="oc-4e4">
         <name>.debug_line</name>
         <load_address>0x7d3</load_address>
         <run_address>0x7d3</run_address>
         <size>0x81</size>
         <input_file_ref idref="fl-5"/>
      </object_component>
      <object_component id="oc-41f">
         <name>.debug_line</name>
         <load_address>0x854</load_address>
         <run_address>0x854</run_address>
         <size>0x46</size>
         <input_file_ref idref="fl-5"/>
      </object_component>
      <object_component id="oc-3d4">
         <name>.debug_line</name>
         <load_address>0x89a</load_address>
         <run_address>0x89a</run_address>
         <size>0x48</size>
         <input_file_ref idref="fl-5"/>
      </object_component>
      <object_component id="oc-430">
         <name>.debug_line</name>
         <load_address>0x8e2</load_address>
         <run_address>0x8e2</run_address>
         <size>0x45</size>
         <input_file_ref idref="fl-6"/>
      </object_component>
      <object_component id="oc-579">
         <name>.debug_line</name>
         <load_address>0x927</load_address>
         <run_address>0x927</run_address>
         <size>0x2d</size>
         <input_file_ref idref="fl-27"/>
      </object_component>
      <object_component id="oc-4ba">
         <name>.debug_line</name>
         <load_address>0x954</load_address>
         <run_address>0x954</run_address>
         <size>0xc9</size>
         <input_file_ref idref="fl-27"/>
      </object_component>
      <object_component id="oc-528">
         <name>.debug_line</name>
         <load_address>0xa1d</load_address>
         <run_address>0xa1d</run_address>
         <size>0x2e</size>
         <input_file_ref idref="fl-27"/>
      </object_component>
      <object_component id="oc-3e8">
         <name>.debug_line</name>
         <load_address>0xa4b</load_address>
         <run_address>0xa4b</run_address>
         <size>0x2a</size>
         <input_file_ref idref="fl-28"/>
      </object_component>
      <object_component id="oc-a7">
         <name>.debug_line</name>
         <load_address>0xa75</load_address>
         <run_address>0xa75</run_address>
         <size>0x4c</size>
         <input_file_ref idref="fl-29"/>
      </object_component>
      <object_component id="oc-3f0">
         <name>.debug_line</name>
         <load_address>0xac1</load_address>
         <run_address>0xac1</run_address>
         <size>0x3a</size>
         <input_file_ref idref="fl-2a"/>
      </object_component>
      <object_component id="oc-6a">
         <name>.debug_line</name>
         <load_address>0xafb</load_address>
         <run_address>0xafb</run_address>
         <size>0x50</size>
         <input_file_ref idref="fl-2a"/>
      </object_component>
      <object_component id="oc-398">
         <name>.debug_line</name>
         <load_address>0xb4b</load_address>
         <run_address>0xb4b</run_address>
         <size>0x3a</size>
         <input_file_ref idref="fl-2a"/>
      </object_component>
      <object_component id="oc-3f3">
         <name>.debug_line</name>
         <load_address>0xb85</load_address>
         <run_address>0xb85</run_address>
         <size>0x20</size>
         <input_file_ref idref="fl-2b"/>
      </object_component>
      <object_component id="oc-39f">
         <name>.debug_line</name>
         <load_address>0xba5</load_address>
         <run_address>0xba5</run_address>
         <size>0x87</size>
         <input_file_ref idref="fl-2b"/>
      </object_component>
      <object_component id="oc-6f">
         <name>.debug_line</name>
         <load_address>0xc2c</load_address>
         <run_address>0xc2c</run_address>
         <size>0x4c</size>
         <input_file_ref idref="fl-2b"/>
      </object_component>
      <object_component id="oc-3a6">
         <name>.debug_line</name>
         <load_address>0xc78</load_address>
         <run_address>0xc78</run_address>
         <size>0x39</size>
         <input_file_ref idref="fl-2b"/>
      </object_component>
      <object_component id="oc-393">
         <name>.debug_line</name>
         <load_address>0xcb1</load_address>
         <run_address>0xcb1</run_address>
         <size>0x52</size>
         <input_file_ref idref="fl-2d"/>
      </object_component>
      <object_component id="oc-4a1">
         <name>.debug_line</name>
         <load_address>0xd03</load_address>
         <run_address>0xd03</run_address>
         <size>0x43</size>
         <input_file_ref idref="fl-2e"/>
      </object_component>
      <object_component id="oc-3df">
         <name>.debug_line</name>
         <load_address>0xd46</load_address>
         <run_address>0xd46</run_address>
         <size>0x3d</size>
         <input_file_ref idref="fl-2f"/>
      </object_component>
      <object_component id="oc-4c3">
         <name>.debug_line</name>
         <load_address>0xd83</load_address>
         <run_address>0xd83</run_address>
         <size>0x3d</size>
         <input_file_ref idref="fl-31"/>
      </object_component>
      <object_component id="oc-533">
         <name>.debug_line</name>
         <load_address>0xdc0</load_address>
         <run_address>0xdc0</run_address>
         <size>0x5a</size>
         <input_file_ref idref="fl-32"/>
      </object_component>
      <object_component id="oc-4b1">
         <name>.debug_line</name>
         <load_address>0xe1a</load_address>
         <run_address>0xe1a</run_address>
         <size>0x3d</size>
         <input_file_ref idref="fl-33"/>
      </object_component>
      <object_component id="oc-580">
         <name>.debug_line</name>
         <load_address>0xe57</load_address>
         <run_address>0xe57</run_address>
         <size>0x20</size>
         <input_file_ref idref="fl-34"/>
      </object_component>
      <object_component id="oc-51a">
         <name>.debug_line</name>
         <load_address>0xe77</load_address>
         <run_address>0xe77</run_address>
         <size>0x71</size>
         <input_file_ref idref="fl-34"/>
      </object_component>
      <object_component id="oc-589">
         <name>.debug_line</name>
         <load_address>0xee8</load_address>
         <run_address>0xee8</run_address>
         <size>0x2d</size>
         <input_file_ref idref="fl-35"/>
      </object_component>
      <object_component id="oc-52e">
         <name>.debug_line</name>
         <load_address>0xf15</load_address>
         <run_address>0xf15</run_address>
         <size>0xfd</size>
         <input_file_ref idref="fl-35"/>
      </object_component>
      <object_component id="oc-3aa">
         <name>.debug_line</name>
         <load_address>0x1012</load_address>
         <run_address>0x1012</run_address>
         <size>0x3d</size>
         <input_file_ref idref="fl-48"/>
      </object_component>
      <object_component id="oc-502">
         <name>.debug_line</name>
         <load_address>0x104f</load_address>
         <run_address>0x104f</run_address>
         <size>0x3e</size>
         <input_file_ref idref="fl-49"/>
      </object_component>
      <object_component id="oc-552">
         <name>.debug_line</name>
         <load_address>0x108d</load_address>
         <run_address>0x108d</run_address>
         <size>0x56</size>
         <input_file_ref idref="fl-49"/>
      </object_component>
      <object_component id="oc-50a">
         <name>.debug_line</name>
         <load_address>0x10e3</load_address>
         <run_address>0x10e3</run_address>
         <size>0x41</size>
         <input_file_ref idref="fl-4a"/>
      </object_component>
      <object_component id="oc-558">
         <name>.debug_line</name>
         <load_address>0x1124</load_address>
         <run_address>0x1124</run_address>
         <size>0x56</size>
         <input_file_ref idref="fl-4a"/>
      </object_component>
      <object_component id="oc-56a">
         <name>.debug_line</name>
         <load_address>0x117a</load_address>
         <run_address>0x117a</run_address>
         <size>0x2d</size>
         <input_file_ref idref="fl-4d"/>
      </object_component>
      <object_component id="oc-4b4">
         <name>.debug_line</name>
         <load_address>0x11a7</load_address>
         <run_address>0x11a7</run_address>
         <size>0xfa</size>
         <input_file_ref idref="fl-4d"/>
      </object_component>
      <object_component id="oc-447">
         <name>.debug_line</name>
         <load_address>0x12a1</load_address>
         <run_address>0x12a1</run_address>
         <size>0x46</size>
         <input_file_ref idref="fl-50"/>
      </object_component>
      <object_component id="oc-561">
         <name>.debug_line</name>
         <load_address>0x12e7</load_address>
         <run_address>0x12e7</run_address>
         <size>0x49</size>
         <input_file_ref idref="fl-52"/>
      </object_component>
      <object_component id="oc-3b8">
         <name>.debug_line</name>
         <load_address>0x1330</load_address>
         <run_address>0x1330</run_address>
         <size>0x3e</size>
         <input_file_ref idref="fl-54"/>
      </object_component>
      <object_component id="oc-58b">
         <name>.debug_line</name>
         <load_address>0x136e</load_address>
         <run_address>0x136e</run_address>
         <size>0x20</size>
         <input_file_ref idref="fl-55"/>
      </object_component>
      <object_component id="oc-574">
         <name>.debug_line</name>
         <load_address>0x138e</load_address>
         <run_address>0x138e</run_address>
         <size>0x82</size>
         <input_file_ref idref="fl-55"/>
      </object_component>
      <object_component id="oc-56f">
         <name>.debug_line</name>
         <load_address>0x1410</load_address>
         <run_address>0x1410</run_address>
         <size>0x3e</size>
         <input_file_ref idref="fl-58"/>
      </object_component>
      <object_component id="oc-566">
         <name>.debug_line</name>
         <load_address>0x144e</load_address>
         <run_address>0x144e</run_address>
         <size>0x56</size>
         <input_file_ref idref="fl-58"/>
      </object_component>
      <object_component id="oc-452">
         <name>.debug_line</name>
         <load_address>0x14a4</load_address>
         <run_address>0x14a4</run_address>
         <size>0xbb</size>
         <input_file_ref idref="fl-59"/>
      </object_component>
      <object_component id="oc-3bd">
         <name>.debug_line</name>
         <load_address>0x155f</load_address>
         <run_address>0x155f</run_address>
         <size>0xa7</size>
         <input_file_ref idref="fl-59"/>
      </object_component>
      <object_component id="oc-456">
         <name>.debug_line</name>
         <load_address>0x1606</load_address>
         <run_address>0x1606</run_address>
         <size>0x2e</size>
         <input_file_ref idref="fl-59"/>
      </object_component>
      <object_component id="oc-407">
         <name>.debug_line</name>
         <load_address>0x1634</load_address>
         <run_address>0x1634</run_address>
         <size>0x8a</size>
         <input_file_ref idref="fl-59"/>
      </object_component>
      <object_component id="oc-45b">
         <name>.debug_line</name>
         <load_address>0x16be</load_address>
         <run_address>0x16be</run_address>
         <size>0x8b</size>
         <input_file_ref idref="fl-59"/>
      </object_component>
      <object_component id="oc-4cf">
         <name>.debug_line</name>
         <load_address>0x1749</load_address>
         <run_address>0x1749</run_address>
         <size>0xa5</size>
         <input_file_ref idref="fl-5a"/>
      </object_component>
      <object_component id="oc-3fb">
         <name>.debug_line</name>
         <load_address>0x17ee</load_address>
         <run_address>0x17ee</run_address>
         <size>0x70</size>
         <input_file_ref idref="fl-5a"/>
      </object_component>
      <object_component id="oc-4d3">
         <name>.debug_line</name>
         <load_address>0x185e</load_address>
         <run_address>0x185e</run_address>
         <size>0x2e</size>
         <input_file_ref idref="fl-5a"/>
      </object_component>
      <object_component id="oc-4cc">
         <name>.debug_line</name>
         <load_address>0x188c</load_address>
         <run_address>0x188c</run_address>
         <size>0x8a</size>
         <input_file_ref idref="fl-5a"/>
      </object_component>
      <object_component id="oc-584">
         <name>.debug_line</name>
         <load_address>0x1916</load_address>
         <run_address>0x1916</run_address>
         <size>0x20</size>
         <input_file_ref idref="fl-5b"/>
      </object_component>
      <object_component id="oc-522">
         <name>.debug_line</name>
         <load_address>0x1936</load_address>
         <run_address>0x1936</run_address>
         <size>0xa4</size>
         <input_file_ref idref="fl-5b"/>
      </object_component>
      <object_component id="oc-53a">
         <name>.debug_line</name>
         <load_address>0x19da</load_address>
         <run_address>0x19da</run_address>
         <size>0x20</size>
         <input_file_ref idref="fl-5c"/>
      </object_component>
      <object_component id="oc-449">
         <name>.debug_line</name>
         <load_address>0x19fa</load_address>
         <run_address>0x19fa</run_address>
         <size>0x45</size>
         <input_file_ref idref="fl-5c"/>
      </object_component>
      <object_component id="oc-3fd">
         <name>.debug_line</name>
         <load_address>0x1a3f</load_address>
         <run_address>0x1a3f</run_address>
         <size>0x3a</size>
         <input_file_ref idref="fl-5e"/>
      </object_component>
      <object_component id="oc-42d">
         <name>.debug_frame</name>
         <load_address>0x0</load_address>
         <run_address>0x0</run_address>
         <size>0x47</size>
         <input_file_ref idref="fl-2"/>
      </object_component>
      <object_component id="oc-4ff">
         <name>.debug_frame</name>
         <load_address>0x47</load_address>
         <run_address>0x47</run_address>
         <size>0x47</size>
         <input_file_ref idref="fl-2"/>
      </object_component>
      <object_component id="oc-49c">
         <name>.debug_frame</name>
         <load_address>0x8e</load_address>
         <run_address>0x8e</run_address>
         <size>0x56</size>
         <input_file_ref idref="fl-2"/>
      </object_component>
      <object_component id="oc-490">
         <name>.debug_frame</name>
         <load_address>0xe4</load_address>
         <run_address>0xe4</run_address>
         <size>0x47</size>
         <input_file_ref idref="fl-2"/>
      </object_component>
      <object_component id="oc-439">
         <name>.debug_frame</name>
         <load_address>0x12b</load_address>
         <run_address>0x12b</run_address>
         <size>0x47</size>
         <input_file_ref idref="fl-2"/>
      </object_component>
      <object_component id="oc-43f">
         <name>.debug_frame</name>
         <load_address>0x172</load_address>
         <run_address>0x172</run_address>
         <size>0x69</size>
         <input_file_ref idref="fl-2"/>
      </object_component>
      <object_component id="oc-428">
         <name>.debug_frame</name>
         <load_address>0x1db</load_address>
         <run_address>0x1db</run_address>
         <size>0x47</size>
         <input_file_ref idref="fl-3"/>
      </object_component>
      <object_component id="oc-4f3">
         <name>.debug_frame</name>
         <load_address>0x222</load_address>
         <run_address>0x222</run_address>
         <size>0x47</size>
         <input_file_ref idref="fl-3"/>
      </object_component>
      <object_component id="oc-53f">
         <name>.debug_frame</name>
         <load_address>0x269</load_address>
         <run_address>0x269</run_address>
         <size>0x47</size>
         <input_file_ref idref="fl-3"/>
      </object_component>
      <object_component id="oc-54a">
         <name>.debug_frame</name>
         <load_address>0x2b0</load_address>
         <run_address>0x2b0</run_address>
         <size>0x47</size>
         <input_file_ref idref="fl-3"/>
      </object_component>
      <object_component id="oc-496">
         <name>.debug_frame</name>
         <load_address>0x2f7</load_address>
         <run_address>0x2f7</run_address>
         <size>0x47</size>
         <input_file_ref idref="fl-4"/>
      </object_component>
      <object_component id="oc-4ea">
         <name>.debug_frame</name>
         <load_address>0x33e</load_address>
         <run_address>0x33e</run_address>
         <size>0x47</size>
         <input_file_ref idref="fl-4"/>
      </object_component>
      <object_component id="oc-4f9">
         <name>.debug_frame</name>
         <load_address>0x385</load_address>
         <run_address>0x385</run_address>
         <size>0x47</size>
         <input_file_ref idref="fl-4"/>
      </object_component>
      <object_component id="oc-489">
         <name>.debug_frame</name>
         <load_address>0x3cc</load_address>
         <run_address>0x3cc</run_address>
         <size>0x50</size>
         <input_file_ref idref="fl-4"/>
      </object_component>
      <object_component id="oc-41e">
         <name>.debug_frame</name>
         <load_address>0x41c</load_address>
         <run_address>0x41c</run_address>
         <size>0x47</size>
         <input_file_ref idref="fl-5"/>
      </object_component>
      <object_component id="oc-3d8">
         <name>.debug_frame</name>
         <load_address>0x463</load_address>
         <run_address>0x463</run_address>
         <size>0x47</size>
         <input_file_ref idref="fl-5"/>
      </object_component>
      <object_component id="oc-434">
         <name>.debug_frame</name>
         <load_address>0x4aa</load_address>
         <run_address>0x4aa</run_address>
         <size>0x47</size>
         <input_file_ref idref="fl-6"/>
      </object_component>
      <object_component id="oc-4b9">
         <name>.debug_frame</name>
         <load_address>0x4f1</load_address>
         <run_address>0x4f1</run_address>
         <size>0x61</size>
         <input_file_ref idref="fl-27"/>
      </object_component>
      <object_component id="oc-a6">
         <name>.debug_frame</name>
         <load_address>0x552</load_address>
         <run_address>0x552</run_address>
         <size>0x42</size>
         <input_file_ref idref="fl-29"/>
      </object_component>
      <object_component id="oc-6b">
         <name>.debug_frame</name>
         <load_address>0x594</load_address>
         <run_address>0x594</run_address>
         <size>0x56</size>
         <input_file_ref idref="fl-2a"/>
      </object_component>
      <object_component id="oc-3a0">
         <name>.debug_frame</name>
         <load_address>0x5ea</load_address>
         <run_address>0x5ea</run_address>
         <size>0x83</size>
         <input_file_ref idref="fl-2b"/>
      </object_component>
      <object_component id="oc-6e">
         <name>.debug_frame</name>
         <load_address>0x66d</load_address>
         <run_address>0x66d</run_address>
         <size>0x4d</size>
         <input_file_ref idref="fl-2b"/>
      </object_component>
      <object_component id="oc-3e0">
         <name>.debug_frame</name>
         <load_address>0x6ba</load_address>
         <run_address>0x6ba</run_address>
         <size>0x47</size>
         <input_file_ref idref="fl-2f"/>
      </object_component>
      <object_component id="oc-4c2">
         <name>.debug_frame</name>
         <load_address>0x701</load_address>
         <run_address>0x701</run_address>
         <size>0x47</size>
         <input_file_ref idref="fl-31"/>
      </object_component>
      <object_component id="oc-534">
         <name>.debug_frame</name>
         <load_address>0x748</load_address>
         <run_address>0x748</run_address>
         <size>0x4d</size>
         <input_file_ref idref="fl-32"/>
      </object_component>
      <object_component id="oc-4b0">
         <name>.debug_frame</name>
         <load_address>0x795</load_address>
[...]
         <name>WDTCTL</name>
         <value>0x15c</value>
      </symbol>
      <symbol id="sm-2c4">
         <name>WDTCTL_L</name>
         <value>0x15c</value>
      </symbol>
      <symbol id="sm-2c5">
         <name>WDTCTL_H</name>
         <value>0x15d</value>
      </symbol>
      <symbol id="sm-2c6">
         <name>__TI_CINIT_Base</name>
         <value>0x9500</value>
      </symbol>
      <symbol id="sm-2c7">
         <name>__TI_CINIT_Limit</name>
         <value>0x9510</value>
      </symbol>
      <symbol id="sm-2c8">
         <name>__TI_Handler_Table_Base</name>
         <value>0x94f8</value>
      </symbol>
      <symbol id="sm-2c9">
         <name>__TI_Handler_Table_Limit</name>
         <value>0x9500</value>
      </symbol>
      <symbol id="sm-2ca">
         <name>__STACK_SIZE</name>
         <value>0x50</value>
      </symbol>
      <symbol id="sm-2cb">
         <name>__STACK_END</name>
         <value>0x2bfc</value>
      </symbol>
      <symbol id="sm-2cc">
         <name>__c_args__</name>
         <value>0xffffffff</value>
      </symbol>
      <symbol id="sm-2cd">
         <name>__TI_pprof_out_hndl</name>
         <value>0xffffffff</value>
      </symbol>
      <symbol id="sm-2ce">
         <name>__TI_prof_data_start</name>
         <value>0xffffffff</value>
      </symbol>
      <symbol id="sm-2cf">
         <name>__TI_prof_data_size</name>
         <value>0xffffffff</value>
      </symbol>
      <symbol id="sm-389">
         <name>sAccel</name>
         <value>0x1c0a</value>
      </symbol>
      <symbol id="sm-38a">
         <name>reset_acceleration</name>
         <value>0x947c</value>
         <object_component_ref idref="oc-429"/>
      </symbol>
      <symbol id="sm-38b">
         <name>is_acceleration_measurement</name>
         <value>0x940c</value>
         <object_component_ref idref="oc-48b"/>
      </symbol>
      <symbol id="sm-38c">
         <name>do_acceleration_measurement</name>
         <value>0x9494</value>
         <object_component_ref idref="oc-435"/>
      </symbol>
      <symbol id="sm-38d">
         <name>acceleration_value_is_positive</name>
         <value>0x9460</value>
         <object_component_ref idref="oc-4fb"/>
      </symbol>
      <symbol id="sm-38e">
         <name>bmp_mgrav_per_bit</name>
         <value>0x94be</value>
         <object_component_ref idref="oc-50b"/>
      </symbol>
      <symbol id="sm-38f">
         <name>LCD_Char_Map</name>
         <value>0x94cc</value>
         <object_component_ref idref="oc-4a9"/>
      </symbol>
      <symbol id="sm-390">
         <name>convert_acceleration_value_to_mgrav</name>
         <value>0x9128</value>
         <object_component_ref idref="oc-497"/>
      </symbol>
      <symbol id="sm-391">
         <name>display_acceleration</name>
         <value>0x8a8c</value>
         <object_component_ref idref="oc-43b"/>
      </symbol>
      <symbol id="sm-3c4">
         <name>as_ok</name>
         <value>0x1c1a</value>
      </symbol>
      <symbol id="sm-3c5">
         <name>as_start</name>
         <value>0x9176</value>
         <object_component_ref idref="oc-4ee"/>
      </symbol>
      <symbol id="sm-3c6">
         <name>as_write_register</name>
         <value>0x900a</value>
         <object_component_ref idref="oc-545"/>
      </symbol>
      <symbol id="sm-3c7">
         <name>as_read_register</name>
         <value>0x8fa2</value>
         <object_component_ref idref="oc-53b"/>
      </symbol>
      <symbol id="sm-3c8">
         <name>as_init</name>
         <value>0x92ee</value>
         <object_component_ref idref="oc-423"/>
      </symbol>
      <symbol id="sm-3ea">
         <name>bmp_as_read_register</name>
         <value>0x948a</value>
         <object_component_ref idref="oc-4e5"/>
      </symbol>
      <symbol id="sm-3eb">
         <name>bmp_as_get_data</name>
         <value>0x90d6</value>
         <object_component_ref idref="oc-484"/>
      </symbol>
      <symbol id="sm-3ec">
         <name>bmp_as_start</name>
         <value>0x9072</value>
         <object_component_ref idref="oc-491"/>
      </symbol>
      <symbol id="sm-3ed">
         <name>bmp_as_write_register</name>
         <value>0x94b2</value>
         <object_component_ref idref="oc-4f4"/>
      </symbol>
      <symbol id="sm-402">
         <name>main</name>
         <value>0x9390</value>
         <object_component_ref idref="oc-3d3"/>
      </symbol>
      <symbol id="sm-403">
         <name>lcd_init</name>
         <value>0x931c</value>
         <object_component_ref idref="oc-41d"/>
      </symbol>
      <symbol id="sm-40c">
         <name>init_buttons</name>
         <value>0x9346</value>
         <object_component_ref idref="oc-42f"/>
      </symbol>
      <symbol id="sm-433">
         <name>__mspabi_addd</name>
         <value>0x82e4</value>
         <object_component_ref idref="oc-4b8"/>
      </symbol>
      <symbol id="sm-43b">
         <name>_stack</name>
         <value>0x2bac</value>
         <object_component_ref idref="oc-38b"/>
      </symbol>
      <symbol id="sm-43c">
         <name>_reset_vector</name>
         <value>0xfffe</value>
         <object_component_ref idref="oc-38e"/>
      </symbol>
      <symbol id="sm-446">
         <name>_c_int00_noargs_noexit</name>
         <value>0x93b2</value>
         <object_component_ref idref="oc-a2"/>
      </symbol>
      <symbol id="sm-457">
         <name>__TI_decompress_none</name>
         <value>0x92b2</value>
         <object_component_ref idref="oc-66"/>
      </symbol>
      <symbol id="sm-47b">
         <name>__TI_decompress_rle24</name>
         <value>0x946e</value>
         <object_component_ref idref="oc-6c"/>
      </symbol>
      <symbol id="sm-487">
         <name>__memcpy_far</name>
         <value>0x91b8</value>
         <object_component_ref idref="oc-38f"/>
      </symbol>
      <symbol id="sm-491">
         <name>__mspabi_remu</name>
         <value>0x93e4</value>
         <object_component_ref idref="oc-49d"/>
      </symbol>
      <symbol id="sm-492">
         <name>__mspabi_divu</name>
         <value>0x93e4</value>
         <object_component_ref idref="oc-49d"/>
      </symbol>
      <symbol id="sm-49c">
         <name>C$$EXIT</name>
         <value>0x94ac</value>
         <object_component_ref idref="oc-3db"/>
      </symbol>
      <symbol id="sm-49d">
         <name>abort</name>
         <value>0x94ac</value>
         <object_component_ref idref="oc-3db"/>
      </symbol>
      <symbol id="sm-4a9">
         <name>__mspabi_fixdu</name>
         <value>0x93fa</value>
         <object_component_ref idref="oc-4be"/>
      </symbol>
      <symbol id="sm-4b9">
         <name>__mspabi_fixdul</name>
         <value>0x8f3a</value>
         <object_component_ref idref="oc-532"/>
      </symbol>
      <symbol id="sm-4c2">
         <name>__mspabi_fltud</name>
         <value>0x94a6</value>
         <object_component_ref idref="oc-4ac"/>
      </symbol>
      <symbol id="sm-4d7">
         <name>__mspabi_fltuld</name>
         <value>0x8eba</value>
         <object_component_ref idref="oc-516"/>
      </symbol>
      <symbol id="sm-4f8">
         <name>__TI_frcaddd</name>
         <value>0x883a</value>
         <object_component_ref idref="oc-52a"/>
      </symbol>
      <symbol id="sm-4fb">
         <name>__TI_int45</name>
         <value>0xffda</value>
         <object_component_ref idref="oc-72"/>
      </symbol>
      <symbol id="sm-4fe">
         <name>__TI_int46</name>
         <value>0xffdc</value>
         <object_component_ref idref="oc-73"/>
      </symbol>
      <symbol id="sm-501">
         <name>__TI_int47</name>
         <value>0xffde</value>
         <object_component_ref idref="oc-74"/>
      </symbol>
      <symbol id="sm-504">
         <name>__TI_int48</name>
         <value>0xffe0</value>
         <object_component_ref idref="oc-75"/>
      </symbol>
      <symbol id="sm-507">
         <name>__TI_int49</name>
         <value>0xffe2</value>
         <object_component_ref idref="oc-76"/>
      </symbol>
      <symbol id="sm-50a">
         <name>__TI_int50</name>
         <value>0xffe4</value>
         <object_component_ref idref="oc-77"/>
      </symbol>
      <symbol id="sm-50d">
         <name>__TI_int51</name>
         <value>0xffe6</value>
         <object_component_ref idref="oc-78"/>
      </symbol>
      <symbol id="sm-510">
         <name>__TI_int52</name>
         <value>0xffe8</value>
         <object_component_ref idref="oc-79"/>
      </symbol>
      <symbol id="sm-513">
         <name>__TI_int53</name>
         <value>0xffea</value>
         <object_component_ref idref="oc-7a"/>
      </symbol>
      <symbol id="sm-516">
         <name>__TI_int54</name>
         <value>0xffec</value>
         <object_component_ref idref="oc-7b"/>
      </symbol>
      <symbol id="sm-519">
         <name>__TI_int55</name>
         <value>0xffee</value>
         <object_component_ref idref="oc-7c"/>
      </symbol>
      <symbol id="sm-51c">
         <name>__TI_int56</name>
         <value>0xfff0</value>
         <object_component_ref idref="oc-7d"/>
      </symbol>
      <symbol id="sm-51f">
         <name>__TI_int57</name>
         <value>0xfff2</value>
         <object_component_ref idref="oc-7e"/>
      </symbol>
      <symbol id="sm-522">
         <name>__TI_int58</name>
         <value>0xfff4</value>
         <object_component_ref idref="oc-7f"/>
      </symbol>
      <symbol id="sm-525">
         <name>__TI_int59</name>
         <value>0xfff6</value>
         <object_component_ref idref="oc-80"/>
      </symbol>
      <symbol id="sm-528">
         <name>__TI_int60</name>
         <value>0xfff8</value>
         <object_component_ref idref="oc-81"/>
      </symbol>
      <symbol id="sm-52b">
         <name>__TI_int61</name>
         <value>0xfffa</value>
         <object_component_ref idref="oc-82"/>
      </symbol>
      <symbol id="sm-52e">
         <name>__TI_int62</name>
         <value>0xfffc</value>
         <object_component_ref idref="oc-83"/>
      </symbol>
      <symbol id="sm-536">
         <name>__TI_ISR_TRAP</name>
         <value>0x949e</value>
         <object_component_ref idref="oc-3a8"/>
      </symbol>
      <symbol id="sm-546">
         <name>__mspabi_slll_9</name>
         <value>0x924e</value>
         <object_component_ref idref="oc-551"/>
      </symbol>
      <symbol id="sm-547">
         <name>__mspabi_slll_8</name>
         <value>0x9252</value>
         <object_component_ref idref="oc-551"/>
      </symbol>
      <symbol id="sm-548">
         <name>__mspabi_slll_7</name>
         <value>0x9256</value>
         <object_component_ref idref="oc-551"/>
      </symbol>
      <symbol id="sm-549">
         <name>__mspabi_slll_6</name>
         <value>0x925a</value>
         <object_component_ref idref="oc-551"/>
      </symbol>
      <symbol id="sm-54a">
         <name>__mspabi_slll_5</name>
         <value>0x925e</value>
         <object_component_ref idref="oc-551"/>
      </symbol>
      <symbol id="sm-54b">
         <name>__mspabi_slll_4</name>
         <value>0x9262</value>
         <object_component_ref idref="oc-551"/>
      </symbol>
      <symbol id="sm-54c">
         <name>__mspabi_slll_3</name>
         <value>0x9266</value>
         <object_component_ref idref="oc-551"/>
      </symbol>
      <symbol id="sm-54d">
         <name>__mspabi_slll_2</name>
         <value>0x926a</value>
         <object_component_ref idref="oc-551"/>
      </symbol>
      <symbol id="sm-54e">
         <name>__mspabi_slll_1</name>
         <value>0x926e</value>
         <object_component_ref idref="oc-551"/>
      </symbol>
      <symbol id="sm-54f">
         <name>__mspabi_slll</name>
         <value>0x9440</value>
         <object_component_ref idref="oc-501"/>
      </symbol>
      <symbol id="sm-550">
         <name>__mspabi_slll_15</name>
         <value>0x9236</value>
         <object_component_ref idref="oc-551"/>
      </symbol>
      <symbol id="sm-551">
         <name>__mspabi_slll_14</name>
         <value>0x923a</value>
         <object_component_ref idref="oc-551"/>
      </symbol>
      <symbol id="sm-552">
         <name>__mspabi_slll_13</name>
         <value>0x923e</value>
         <object_component_ref idref="oc-551"/>
      </symbol>
      <symbol id="sm-553">
         <name>__mspabi_slll_12</name>
         <value>0x9242</value>
         <object_component_ref idref="oc-551"/>
      </symbol>
      <symbol id="sm-554">
         <name>__mspabi_slll_11</name>
         <value>0x9246</value>
         <object_component_ref idref="oc-551"/>
      </symbol>
      <symbol id="sm-555">
         <name>__mspabi_slll_10</name>
         <value>0x924a</value>
         <object_component_ref idref="oc-551"/>
      </symbol>
      <symbol id="sm-565">
         <name>__mspabi_srll_8</name>
         <value>0x9290</value>
         <object_component_ref idref="oc-556"/>
      </symbol>
      <symbol id="sm-566">
         <name>__mspabi_srll_9</name>
         <value>0x928c</value>
         <object_component_ref idref="oc-556"/>
      </symbol>
      <symbol id="sm-567">
         <name>__mspabi_srll_6</name>
         <value>0x9298</value>
         <object_component_ref idref="oc-556"/>
      </symbol>
      <symbol id="sm-568">
         <name>__mspabi_srll_7</name>
         <value>0x9294</value>
         <object_component_ref idref="oc-556"/>
      </symbol>
      <symbol id="sm-569">
         <name>__mspabi_srll_4</name>
         <value>0x92a0</value>
         <object_component_ref idref="oc-556"/>
      </symbol>
      <symbol id="sm-56a">
         <name>__mspabi_srll_5</name>
         <value>0x929c</value>
         <object_component_ref idref="oc-556"/>
      </symbol>
      <symbol id="sm-56b">
         <name>__mspabi_srll_2</name>
         <value>0x92a8</value>
         <object_component_ref idref="oc-556"/>
      </symbol>
      <symbol id="sm-56c">
         <name>__mspabi_srll_3</name>
         <value>0x92a4</value>
         <object_component_ref idref="oc-556"/>
      </symbol>
      <symbol id="sm-56d">
         <name>__mspabi_srll_1</name>
         <value>0x92ac</value>
         <object_component_ref idref="oc-556"/>
      </symbol>
      <symbol id="sm-56e">
         <name>__mspabi_srll_15</name>
         <value>0x9274</value>
         <object_component_ref idref="oc-556"/>
      </symbol>
      <symbol id="sm-56f">
         <name>__mspabi_srll_14</name>
         <value>0x9278</value>
         <object_component_ref idref="oc-556"/>
      </symbol>
      <symbol id="sm-570">
         <name>__mspabi_srll_13</name>
         <value>0x927c</value>
         <object_component_ref idref="oc-556"/>
      </symbol>
      <symbol id="sm-571">
         <name>__mspabi_srll_12</name>
         <value>0x9280</value>
         <object_component_ref idref="oc-556"/>
      </symbol>
      <symbol id="sm-572">
         <name>__mspabi_srll_11</name>
         <value>0x9284</value>
         <object_component_ref idref="oc-556"/>
      </symbol>
      <symbol id="sm-573">
         <name>__mspabi_srll_10</name>
         <value>0x9288</value>
         <object_component_ref idref="oc-556"/>
      </symbol>
      <symbol id="sm-574">
         <name>__mspabi_srll</name>
         <value>0x9450</value>
         <object_component_ref idref="oc-506"/>
      </symbol>
      <symbol id="sm-596">
         <name>__mspabi_mpyd</name>
         <value>0x85ba</value>
         <object_component_ref idref="oc-4b2"/>
      </symbol>
      <symbol id="sm-5a0">
         <name>__mspabi_mpyi_f5hw</name>
         <value>0x93cc</value>
         <object_component_ref idref="oc-443"/>
      </symbol>
      <symbol id="sm-5a9">
         <name>__mspabi_mpyl_f5hw</name>
         <value>0x936c</value>
         <object_component_ref idref="oc-55d"/>
      </symbol>
      <symbol id="sm-5b3">
         <name>_system_pre_init</name>
         <value>0x94b8</value>
         <object_component_ref idref="oc-3b3"/>
      </symbol>
      <symbol id="sm-5c7">
         <name>__TI_renormd</name>
         <value>0x8cc0</value>
         <object_component_ref idref="oc-570"/>
      </symbol>
      <symbol id="sm-5d9">
         <name>__mspabi_sral</name>
         <value>0x9430</value>
         <object_component_ref idref="oc-56b"/>
      </symbol>
      <symbol id="sm-5da">
         <name>__mspabi_sral_15</name>
         <value>0x91f8</value>
         <object_component_ref idref="oc-562"/>
      </symbol>
      <symbol id="sm-5db">
         <name>__mspabi_sral_14</name>
         <value>0x91fc</value>
         <object_component_ref idref="oc-562"/>
      </symbol>
      <symbol id="sm-5dc">
         <name>__mspabi_sral_13</name>
         <value>0x9200</value>
         <object_component_ref idref="oc-562"/>
      </symbol>
      <symbol id="sm-5dd">
         <name>__mspabi_sral_12</name>
         <value>0x9204</value>
         <object_component_ref idref="oc-562"/>
      </symbol>
      <symbol id="sm-5de">
         <name>__mspabi_sral_11</name>
         <value>0x9208</value>
         <object_component_ref idref="oc-562"/>
      </symbol>
      <symbol id="sm-5df">
         <name>__mspabi_sral_10</name>
         <value>0x920c</value>
         <object_component_ref idref="oc-562"/>
      </symbol>
      <symbol id="sm-5e0">
         <name>__mspabi_sral_8</name>
         <value>0x9214</value>
         <object_component_ref idref="oc-562"/>
      </symbol>
      <symbol id="sm-5e1">
         <name>__mspabi_sral_9</name>
         <value>0x9210</value>
         <object_component_ref idref="oc-562"/>
      </symbol>
      <symbol id="sm-5e2">
         <name>__mspabi_sral_6</name>
         <value>0x921c</value>
         <object_component_ref idref="oc-562"/>
      </symbol>
      <symbol id="sm-5e3">
         <name>__mspabi_sral_7</name>
         <value>0x9218</value>
         <object_component_ref idref="oc-562"/>
      </symbol>
      <symbol id="sm-5e4">
         <name>__mspabi_sral_4</name>
         <value>0x9224</value>
         <object_component_ref idref="oc-562"/>
      </symbol>
      <symbol id="sm-5e5">
         <name>__mspabi_sral_5</name>
         <value>0x9220</value>
         <object_component_ref idref="oc-562"/>
      </symbol>
      <symbol id="sm-5e6">
         <name>__mspabi_sral_2</name>
         <value>0x922c</value>
         <object_component_ref idref="oc-562"/>
      </symbol>
      <symbol id="sm-5e7">
         <name>__mspabi_sral_3</name>
         <value>0x9228</value>
         <object_component_ref idref="oc-562"/>
      </symbol>
      <symbol id="sm-5e8">
         <name>__mspabi_sral_1</name>
         <value>0x9230</value>
         <object_component_ref idref="oc-562"/>
      </symbol>
      <symbol id="sm-609">
         <name>_auto_init_hold_wdt</name>
         <value>0x8e24</value>
         <object_component_ref idref="oc-3b9"/>
      </symbol>
      <symbol id="sm-625">
         <name>copy_in</name>
         <value>0x8d72</value>
         <object_component_ref idref="oc-3f6"/>
      </symbol>
      <symbol id="sm-636">
         <name>__TI_frcmpyd</name>
         <value>0x8000</value>
         <object_component_ref idref="oc-51d"/>
      </symbol>
      <symbol id="sm-644">
         <name>memcpy</name>
         <value>0x941e</value>
         <object_component_ref idref="oc-448"/>
      </symbol>
      <symbol id="sm-64e">
         <name>_system_post_cinit</name>
         <value>0x94bc</value>
         <object_component_ref idref="oc-3fc"/>
      </symbol>
      <symbol id="sm-650">
         <name>__TI_BINIT_Base</name>
         <value>0x0</value>
      </symbol>
      <symbol id="sm-651">
         <name>__TI_BINIT_Limit</name>
         <value>0x0</value>
      </symbol>
      <symbol id="sm-652">
         <name>__TI_INITARRAY_Base</name>
         <value>0x0</value>
      </symbol>
      <symbol id="sm-653">
         <name>__TI_INITARRAY_Limit</name>
         <value>0x0</value>
      </symbol>
   </symbol_table>
   <title>Link successful</title>
</link_info>
